$argon2i$v=19$m=65536,t=2,p=1$c29tZXNhbHQ0Mg$wTEHt+UirwtEfvpsYyNNCosby+3w651waXa3dtyF3Fo