$argon2id$v=19$m=65536,t=2,p=1$c29tZXNhbHQw$4ZXadpbypzQxRQe2bef8kyFJc0PWKBHXoA5FN4iXf20