$argon2id$v=19$m=65536,t=2,p=1$c29tZXNhbHQ0Mg$jr2U2k4fMCMYkjLZTi8264BWKmovscHJ