$argon2id$v=19$m=65536,t=2,p=1$c29tZXNhbHQ0Mg$w9lYrby3BP07ISb/6DWrawOF7lP9EZZfSBV2SiukgSE