$2b$10$a07rXVLfZFOuKB.uKB.yKe1tQQIacGVaKJqgpYw212LZlYsLIMonK