$2b$16$a07rXVLfZFOuKB.uKB.yKeckTbSjjG2z2Hz8Kb2s8Jsc82snjBHxm