$2b$04$a07rXVLfZFOuKB.uKB.yKe1sTwXsMijp7DB/Yz0JJk2mmZqbRc6p2