$2b$10$a07rXVLfZFOuKB.uKB.uK.yahNLJ/XzWDg41m2qdAMMEpkL7RrFG.