sha512:25000:c29tZXNhbHQ0Mg==:RUT4QuEfyBnGIUR3R1jXbD+MjSTU+dNOLWX0mNtLKGI03PIjmxYSIN6USII99OMMhI3KR4o0tVJ1DH8XZaCtbA==