sha512:25000:c29tZXNhbHQw:SjeECOnuJvRIgLwPtL/akEzSS/+5vI4ZNRxEnZUOHnDuubUg7FcIuhnwm8a9cvuOXQrqsCZPHGgh8LNpxLEvRg==