sha512:25000:c29tZXNhbHQ0Mg==:RUT4QuEfyBnGIUR3R1jXbA==