sha512:1000:c29tZXNhbHQ0Mg==:1gWOWLAgx5ojc3rh9uegFTRyUgKYHS84GPARbqZYIyHeAZdRQzVOLaEAg00JxeglImCAYZbBZ/dBh0Al8q1d8Q==