md5:25000:c29tZXNhbHQ0Mg==:jiOmE1hpAp2eJwrJFbJPLw==