14|8|1|c29tZXNhbHQw|us1zh+3aNbwanYjy6Ig+Ft8yAv741HCMOemJpSEP2OJSic/hwr75xCeGVGqU9yG5NUnDAZ1arPuwBkVRgdLemA==