14|8|1|c29tZXNhbHQ0Mg==|byRql1IUuO27GSmCJ0a6ce18VJ6DwIdEcVNvvdEDFBFXosA4Vqh3SES/rR0+pY6ntCTWq4GZlQGTY67TWvWI1A==