8|8|1|c29tZXNhbHQ0Mg==|XgnxMJ3Ecu5nfvZUyHX7sCxRWRwmeyXeRpqwMy1jCGyPZCYJdGaS0fSJbenFgRoWTFqRWaJ1SoxnpWIiUIyrPw==